H 1083 -781 1909 -419
!      ---- Modo de Desenho da Barra ---
BU
!      ---- Tamanho da Fonte das Legendas ---
F 1
!      ---- Cores (Fundo - Identificador - Numero - Valor - Grid)---
RF 255 255 255
RI 128 0 128
RN 128 0 128
RV 0 0 255
RG 0 0 0
!      ---- Grupos Base de Tensão ----
!Ten  lar  R   G   B ID
G 500 3 255 0 0
G 13.8 1 0 0 255
G 138 1 0 0 0
G 345 1 0 0 255
G 18.5 1 255 165 0
G 13.5 1 255 165 0
G 0 1 0 0 0
!    ---- Componentes ----
!Numero Tipo Rot Hac Px Py Cor sl Descrip
C4356  1 1281 0   1776   -752  1  0 0 390  0  0  0 0
C61465  1 257 0   1648   -720  7  0 1 1505  0  0  0 0
C61466  1 257 0   1648   -592  7  0 1 393  0  0  0 0
C61505  1 1025 0   1504   -736  4  0 0 391  0  0  0 0
C61506  1 257 0   1568   -688  2  0 0 395  0  0  0 0
C61513  1 257 0   1568   -560  2  0 0 397  0  0  0 0
C61534  1 257 0   1408   -656  7  0 1 42076  0  0  0 0
C61548  1 257 0   1312   -656  3  0 2 9098  0  0  0 0
C61549  1 257 0   1344   -608  2  0 0 42077  0  0  0 0
C61561  1 1281 0   1216   -672  3  0 0 9049  0  0  0 0
C61572  1 257 0   1504   -480  3  0 0 48461  0  0  0 0
C61477  9 1 0   1696   -720 1793  0 -  3 390 1505  0 0
C61480  9 1 0   1696   -592 1793  0 -  4 390 393  0 0
C61507  9 3 0   1600   -720 1796  0 -  3 391 1505  0 0
C61510  9 3 0   1632   -672 1794  0 -  3 395 1505  0 0
C61514  9 3 0   1600   -592 1796  0 -  4 391 393  0 0
C61517  9 3 0   1632   -544 1794  0 -  4 397 393  0 0
C61540  9 1 0   1456   -656 1796  0 -  6 391 42076  0 0
C61550  9 3 0   1392   -592 1794  0 -  6 42077 42076  0 0
C61553  9 3 0   1360   -656 1795  0 -  6 9098 42076  0 0
C61562  9 1 0   1280   -656 771  0 -  7 9098 9049  0 0
C62685 24 3 0   1872   -672  1  0 -  1 390  0  0 0
C62689 24 1 0   1120   -560  3  0 -  1 9049  0  0 0
C62691 24 1 0   1440   -720  4  0 -  1 391  0  0 0
!      ---- Linhas ----
!Numero Tipo hac sl De Para nsg segmentos
L61579 14 0 0 61561 61572  1  1 4296 
!     ---- Ligacoes ----
!Numero Flags cor Inic Coni Fin Conf Linhas nqb quebras
U4272 0  1 61477   1 4356   3  -1   0 
U4273 0  7 61477   2 61465   2  -1   0 
U4274 0  1 61480   1 4356  11  -1   0 
U4275 0  7 61480   2 61466   2  -1   0 
U4276 0  4 61505   2 61507   1  -1   0 
U4277 0  7 61465   2 61507   2  -1   0 
U4278 0  2 61506   2 61510   1  -1   0 
U4279 0  7 61465   2 61510   2  -1   0 
U4280 0  4 61505  10 61514   1  -1   0 
U4281 0  7 61466   2 61514   2  -1   0 
U4282 0  2 61513   2 61517   1  -1   0 
U4283 0  7 61466   2 61517   2  -1   0 
U4286 0  4 61540   1 61505   6  -1   0 
U4287 0  7 61540   2 61534   2  -1   0 
U4288 0  2 61549   2 61550   1  -1   0 
U4289 0  7 61534   2 61550   2  -1   0 
U4290 0  3 61553   1 61548   2  -1   0 
U4291 0  7 61553   2 61534   2  -1   0 
U4292 0  3 61548   2 61562   1  -1   0 
U4293 0  3 61561   2 61562   2  -1   0 
U4296 0  3 61561  14 61572   2 61579   0 
U4380 0  1 4356   6 62685   1  -1   0 
U4381 0  3 61561   8 62689   1  -1   0 
U4382 0  4 61505   2 62691   1  -1   0 
!    ---- Posição de Legenda de Componentes ----
!NumCompo Label Rot Px Py
!     ---- Posição de Legenda de Ligacoes ----
!Lado NumLig Label Px Py
